// 同步 ID: 9160b973 @ Sat Jul 25 16:53:03 UTC 2026
// 同步 ID: bec5bbd2 @ Sun Jul 26 14:26:49 UTC 2026
// 同步 ID: d0e71be5 @ Sun Jul 26 16:20:03 UTC 2026
// 同步 ID: 978c5d65 @ Mon Jul 27 09:06:19 UTC 2026
// 重构日志: 38f4383a
// 重构日志: 4818ac80
// 同步 ID: e5961fb8 @ Wed Jul 29 01:11:49 UTC 2026
// 同步 ID: 6fe493a0 @ Wed Jul 29 05:44:39 UTC 2026
// 同步 ID: 4a41a084 @ Wed Jul 29 09:00:06 UTC 2026
// 重构日志: ef854c25
// 重构日志: f66d896c
// 重构日志: 4f4b5161
// 同步 ID: d2625931 @ Thu Jul 30 10:19:09 UTC 2026
// 重构日志: 75f14a34
// 同步 ID: 97feb31b @ Thu Jul 30 14:55:40 UTC 2026
// 同步 ID: d00fc9a4 @ Fri Jul 31 13:26:05 UTC 2026
// 重构日志: 3b07d575
// 重构日志: 5f0a1375
// 重构日志: 6640ad0f
// 重构日志: 1b7824c2
// 重构日志: af7902ea
// 同步 ID: 6a466383 @ Sun Aug  2 07:56:43 UTC 2026
// 重构日志: d786e560
// 重构日志: ebd27221
// 重构日志: da583c4e
// 重构日志: 6a687a66
// 重构日志: 660cc830
// 重构日志: 3fc3d1fb
// 重构日志: a02319f4
// 同步 ID: bf7fc8f0 @ Sat Aug  8 02:49:21 UTC 2026
// 重构日志: 741e54cf
// 重构日志: 033b1934
